**********************
Windows PowerShell transcript start
Start time: 20260806141557
Username: BERLI\PongsakR
RunAs User: BERLI\PongsakR
Configuration Name: 
Machine: PDNB-00H192094 (Microsoft Windows NT 10.0.26200.0)
Host Application: C:\WINDOWS\System32\WindowsPowerShell\v1.0\powershell.exe -NoExit -ExecutionPolicy Bypass -Command cd C:\bjh-dashboard; .\start.ps1
Process ID: 44520
PSVersion: 5.1.26100.7705
PSEdition: Desktop
PSCompatibleVersions: 1.0, 2.0, 3.0, 4.0, 5.0, 5.1.26100.7705
BuildVersion: 10.0.26100.7705
CLRVersion: 4.0.30319.42000
WSManStackVersion: 3.0
PSRemotingProtocolVersion: 2.3
SerializationVersion: 1.1.0.1
**********************

=== BJH patch V669.2 ===
guard ok : base V669.1
  wrote SalesProspect.html  704 KB  sha ok
  wrote overrides.html  198 KB  sha ok
  wrote STATE.md  138 KB  sha ok
version on disk : V669.2

clasp push -f ...

clasp create-deployment ...





DONE : V669.2
user must Ctrl+Shift+R
**********************
Windows PowerShell transcript end
End time: 20260806141719
**********************
